[backblue.gif]
[fade.gif]
[index.html]
[cse.csusb.edu/kay/cs460/test.cpp]
[cse.csusb.edu/kay/cs460/threadedSum.c]
[cse.csusb.edu/kay/cs460/IMAG0438.jpg]
[cse.csusb.edu/kay/cs460/IMAG0439.jpg]
[cse.csusb.edu/kay/cs460/IMAG0440.jpg]
[cse.csusb.edu/kay/cs460/IMAG0441.jpg]
[cse.csusb.edu/kay/cs460/hello.c]
[cse.csusb.edu/kay/cs460/DateServer.java]
[cse.csusb.edu/kay/cs460/DateClient.java]
[cse.csusb.edu/kay/cs460/write_msg.c]
[cse.csusb.edu/kay/cs460/read_msg.c]
[cse.csusb.edu/kay/cs460/boundBuf.c]
[cse.csusb.edu/kay/cs460/IMAG0416.jpg]
[cse.csusb.edu/kay/cs460/IMAG0417.jpg]
[cse.csusb.edu/kay/cs460/IMAG0418.jpg]
[cse.csusb.edu/kay/cs460/IMAG0421.jpg]
[cse.csusb.edu/kay/cs460/fork.c]
[cse.csusb.edu/kay/cs460/pipe.c]
[cse.csusb.edu/kay/cs460/stringStream.cpp]
[cse.csusb.edu/kay/cs460/union.cpp]
[cse.csusb.edu/kay/cs460/mapFuncPtr0.cpp]
[cse.csusb.edu/kay/cs460/mapFuncPtr1.cpp]
[cse.csusb.edu/kay/cs460/mapFuncPtr2.cpp]
[cse.csusb.edu/kay/cs460/part1d.doc]
[cse.csusb.edu/kay/cs460/syllabus460.pdf]
[cse.csusb.edu/kay/cs460/index.html]
[cse.csusb.edu/icons/blank.gif]
[cse.csusb.edu/icons/back.gif]
[cse.csusb.edu/icons/image2.gif]
[cse.csusb.edu/kay/cs460/finalReview/IMAG0498.jpg]
[cse.csusb.edu/kay/cs460/finalReview/IMAG0500.jpg]
[cse.csusb.edu/kay/cs460/finalReview/IMAG0502.jpg]
[cse.csusb.edu/kay/cs460/finalReview/IMAG0503.jpg]
[cse.csusb.edu/kay/cs460/finalReview/IMAG0504.jpg]
[cse.csusb.edu/kay/cs460/finalReview/IMAG0506.jpg]
[cse.csusb.edu/kay/cs460/finalReview/IMAG0507.jpg]
[cse.csusb.edu/kay/cs460/finalReview/IMAG0508.jpg]
[cse.csusb.edu/kay/cs460/finalReview/IMAG0509.jpg]
[cse.csusb.edu/kay/cs460/finalReview/IMAG0510.jpg]
[cse.csusb.edu/kay/cs460/finalReview/IMAG0512.jpg]
[cse.csusb.edu/kay/cs460/finalReview/IMAG0513.jpg]
[cse.csusb.edu/kay/cs460/finalReview/IMAG0514.jpg]
[cse.csusb.edu/kay/cs460/finalReview/index.html]
[cse.csusb.edu/kay/cs460/hw3/IMAG0475.jpg]
[cse.csusb.edu/kay/cs460/hw3/IMAG0476.jpg]
[cse.csusb.edu/kay/cs460/hw3/IMAG0477.jpg]
[cse.csusb.edu/kay/cs460/hw3/IMAG0478.jpg]
[cse.csusb.edu/kay/cs460/hw3/IMAG0479.jpg]
[cse.csusb.edu/kay/cs460/hw3/IMAG0480.jpg]
[cse.csusb.edu/kay/cs460/hw3/index.html]
[cse.csusb.edu/kay/cs460/addVector.s]
[cse.csusb.edu/kay/cs460/subVector.s]
[cse.csusb.edu/kay/cs460/simple1.s]
[cse.csusb.edu/kay/cs460/simple2.s]
[cse.csusb.edu/kay/cs460/addVector.in]
[cse.csusb.edu/kay/cs460/subVector.in]
[cse.csusb.edu/kay/cs460/phase3.html]
[cse.csusb.edu/kay/cs460/review/11-094AF584-1174784-960.jpg]
[cse.csusb.edu/kay/cs460/review/11-AF6F8AA5-1125329-960.jpg]
[cse.csusb.edu/kay/cs460/review/12-094AF584-1174784-960.jpg]
[cse.csusb.edu/kay/cs460/review/12-AF6F8AA5-1125329-960.jpg]
[cse.csusb.edu/kay/cs460/review/IMAG0448.jpg]
[cse.csusb.edu/kay/cs460/review/IMAG0449.jpg]
[cse.csusb.edu/kay/cs460/review/IMAG0450.jpg]
[cse.csusb.edu/kay/cs460/review/IMAG0451.jpg]
[cse.csusb.edu/kay/cs460/review/IMAG0452.jpg]
[cse.csusb.edu/kay/cs460/review/IMAG0453.jpg]
[cse.csusb.edu/kay/cs460/review/IMAG0454.jpg]
[cse.csusb.edu/kay/cs460/review/IMAG0455.jpg]
[cse.csusb.edu/kay/cs460/review/IMAG0456.jpg]
[cse.csusb.edu/kay/cs460/review/index.html]
[cse.csusb.edu/kay/cs460/phase2.html]
[cse.csusb.edu/kay/cs460/phase1.html]
[cse.csusb.edu/kay/cs460/finalReview/indexc052.html]
[cse.csusb.edu/kay/cs460/finalReview/indexf8a0.html]
[cse.csusb.edu/kay/cs460/finalReview/indexbfec.html]
[cse.csusb.edu/kay/cs460/finalReview/index30b5.html]
[cse.csusb.edu/kay/cs460/hw3/indexc052.html]
[cse.csusb.edu/kay/cs460/hw3/indexf8a0.html]
[cse.csusb.edu/kay/cs460/hw3/indexbfec.html]
[cse.csusb.edu/kay/cs460/hw3/index30b5.html]
[cse.csusb.edu/kay/cs460/review/indexc052.html]
[cse.csusb.edu/kay/cs460/review/indexf8a0.html]
[cse.csusb.edu/kay/cs460/review/indexbfec.html]
[cse.csusb.edu/kay/cs460/review/index30b5.html]
[cse.csusb.edu/kay/cs460/finalReview/indexb70a.html]
[cse.csusb.edu/kay/cs460/finalReview/index72c9.html]
[cse.csusb.edu/kay/cs460/finalReview/index5851.html]
[cse.csusb.edu/kay/cs460/finalReview/indexad3f.html]
[cse.csusb.edu/kay/cs460/hw3/indexb70a.html]
[cse.csusb.edu/kay/cs460/hw3/index72c9.html]
[cse.csusb.edu/kay/cs460/hw3/index5851.html]
[cse.csusb.edu/kay/cs460/hw3/indexad3f.html]
[cse.csusb.edu/kay/cs460/review/indexb70a.html]
[cse.csusb.edu/kay/cs460/review/index72c9.html]
[cse.csusb.edu/kay/cs460/review/index5851.html]
[cse.csusb.edu/kay/cs460/review/indexad3f.html]
